[pepebirthday.vip/index.html]
[backblue.gif]
[fade.gif]
[index.html]
[pepebirthday.vip/css/style.min27a5.css]
[pepebirthday.vip/img/favicon.ico]
[pepebirthday.vip/img/apple-touch-icon.png]
[pepebirthday.vip/img/favicon-32x32.png]
[pepebirthday.vip/img/favicon-16x16.png]
[pepebirthday.vip/img/site.webmanifest]
[pepebirthday.vip/img/safari-pinned-tab.svg]
[cdnjs.cloudflare.com/ajax/libs/gsap/3.9.1/gsap.min.js]
[cdnjs.cloudflare.com/ajax/libs/gsap/3.9.1/ScrollToPlugin.min.js]
[cdnjs.cloudflare.com/ajax/libs/gsap/3.9.1/ScrollTrigger.min.js]
[pepebirthday.vip/img/happy.png]
[pepebirthday.vip/img/burger.png]
[pepebirthday.vip/img/i1.png]
[pepebirthday.vip/img/mempep.png]
[pepebirthday.vip/img/balloon.png]
[pepebirthday.vip/img/stol.png]
[pepebirthday.vip/img/3.png]
[pepebirthday.vip/img/4.png]
[pepebirthday.vip/img/5.png]
[pepebirthday.vip/img/sob.png]
[pepebirthday.vip/img/cat.png]
[pepebirthday.vip/img/6.png]
[pepebirthday.vip/img/131.png]
[pepebirthday.vip/img/bratan.png]
[pepebirthday.vip/img/cadou.png]
[pepebirthday.vip/img/kaka.png]
[pepebirthday.vip/img/sp.png]
[pepebirthday.vip/img/kon.png]
[pepebirthday.vip/img/pt2.png]
[pepebirthday.vip/img/konfiti.png]
[pepebirthday.vip/img/les.png]
[pepebirthday.vip/img/der.png]
[pepebirthday.vip/img/garland.png]
[pepebirthday.vip/img/der2.png]
[pepebirthday.vip/img/star.png]
[pepebirthday.vip/img/ping.png]
[pepebirthday.vip/img/balloon2.png]
[pepebirthday.vip/img/fon3.png]
[pepebirthday.vip/img/riba.png]
[pepebirthday.vip/img/konfiti2.png]
[pepebirthday.vip/img/tortt.png]
[pepebirthday.vip/img/7.png]
[pepebirthday.vip/img/eda.png]
[pepebirthday.vip/img/sar.png]
[pepebirthday.vip/img/butil.png]
[pepebirthday.vip/img/nota1.png]
[pepebirthday.vip/img/nota2.png]
[pepebirthday.vip/img/nota3.png]
[pepebirthday.vip/img/ball.png]
[pepebirthday.vip/img/nota4.png]
[pepebirthday.vip/img/nota5.png]
[pepebirthday.vip/img/nota6.png]
[pepebirthday.vip/img/bball.png]
[pepebirthday.vip/img/cap3.png]
[pepebirthday.vip/img/r1.png]
[pepebirthday.vip/img/r2.png]
[pepebirthday.vip/img/r3.png]
[pepebirthday.vip/img/cap.png]
[pepebirthday.vip/img/bou.png]
[pepebirthday.vip/img/knf.png]
[pepebirthday.vip/img/kat1.png]
[pepebirthday.vip/img/cell.png]
[pepebirthday.vip/img/pt.png]
[pepebirthday.vip/img/sar2.png]
[pepebirthday.vip/img/pod2.png]
[pepebirthday.vip/img/bal4.png]
[pepebirthday.vip/img/l1.png]
[pepebirthday.vip/img/l2.png]
[pepebirthday.vip/img/l3.png]
[pepebirthday.vip/img/plast.png]
[pepebirthday.vip/img/fon4.png]
[pepebirthday.vip/img/ball3.png]
[pepebirthday.vip/js/vendors.minbfa8.js]
[pepebirthday.vip/index.html]
[pepebirthday.vip/js/app.minbfa8.js]
[pepebirthday.vip/fonts/Gilroy-Bold.woff2]
[pepebirthday.vip/fonts/Gilroy-Bold.woff]
[pepebirthday.vip/fonts/Gilroy-Medium.woff2]
[pepebirthday.vip/fonts/Gilroy-Medium.woff]
[pepebirthday.vip/fonts/Gilroy-SemiBold.woff2]
[pepebirthday.vip/fonts/Gilroy-SemiBold.woff]
[pepebirthday.vip/fonts/Gilroy-Regular.woff2]
[pepebirthday.vip/fonts/Gilroy-Regular.woff]
[pepebirthday.vip/img/arrow.png]
[pepebirthday.vip/img/icons/check.svg]
[pepebirthday.vip/img/icons/loading.gif]
[pepebirthday.vip/img/icons/close.svg]
[pepebirthday.vip/img/fon2.png]
[pepebirthday.vip/img/pocita.png]
[pepebirthday.vip/img/bbg2.png]
[pepebirthday.vip/img/Group6.png]
[pepebirthday.vip/img/cap4.png]
[pepebirthday.vip/img/mail.png]
[pepebirthday.vip/css/style.min27a5.css]
[pepebirthday.vip/img/site.html]
[pepebirthday.vip/img/safari-pinned-tab.svg]
[pepebirthday.vip/js/vendors.minbfa8.js]
[pepebirthday.vip/js/app.minbfa8.js]
[pepebirthday.vip/fonts/Gilroy-Bold.html]
[pepebirthday.vip/fonts/Gilroy-Bold-2.html]
[pepebirthday.vip/fonts/Gilroy-Medium.html]
[pepebirthday.vip/fonts/Gilroy-Medium-2.html]
[pepebirthday.vip/fonts/Gilroy-SemiBold.html]
[pepebirthday.vip/fonts/Gilroy-SemiBold-2.html]
[pepebirthday.vip/fonts/Gilroy-Regular.html]
[pepebirthday.vip/fonts/Gilroy-Regular-2.html]
[pepebirthday.vip/img/arrow.html]
[pepebirthday.vip/img/icons/check.html]
[pepebirthday.vip/img/icons/loading.html]
[pepebirthday.vip/img/icons/close.html]
[pepebirthday.vip/Trident/index.html]
[pepebirthday.vip/Trident/index.html]
